
> anphatindustry@1.0.0 build
> next build

  Γû▓ Next.js 14.2.35
  - Environments: .env

   Creating an optimized production build ...
node.exe : Failed to compile.
At C:\Program Files\nodejs\npm.ps1:29 char:3
+   & $NODE_EXE $NPM_CLI_JS $args
+   ~~~~~~~~~~~~~~~~~~~~~~~~~~~~~
    + CategoryInfo          : NotSpecified: (Failed to compile.:String) [], Re 
   moteException
    + FullyQualifiedErrorId : NativeCommandError
 

./src/app/chinh-sach-bao-mat/page.tsx
Error: 
  [31mx[0m Expression expected
    ,-[[36;1;4mC:\Users\thannh\Documents\anphatindustry\src\app\chinh-sach-bao
-mat\page.tsx[0m:8:1]
 [2m 8[0m | 
 [2m 9[0m | export default function PrivacyPage() {
 [2m10[0m |   return (
 [2m11[0m |     <>
    : [31;1m     ^[0m
 [2m12[0m |       <section className="bg-dark-1 border-b border-white/5 
section-pt pb-12">
 [2m13[0m |         <div className="site-container">
 [2m14[0m |           <Breadcrumb items={[{ label: 'Ch├¡nh S├ích Bß║úo 
Mß║¡t' }]} />
    `----

  [31mx[0m Expected ',', got 'className'
    ,-[[36;1;4mC:\Users\thannh\Documents\anphatindustry\src\app\chinh-sach-bao
-mat\page.tsx[0m:17:1]
 [2m17[0m |           </h1>
 [2m18[0m |         </div>
 [2m19[0m |       </section>
 [2m20[0m |       <section className="section-py bg-dark-2">
    : [31;1m               ^^^^^^^^^[0m
 [2m21[0m |         <div className="site-container max-w-3xl">
 [2m22[0m |           <div className="prose max-w-none space-y-6 
text-white/55">
 [2m23[0m |             <p>
    `----

Caused by:
    Syntax Error

Import trace for requested module:
./src/app/chinh-sach-bao-mat/page.tsx

./src/app/dich-vu/page.tsx
Error: 
  [31mx[0m Expression expected
    ,-[[36;1;4mC:\Users\thannh\Documents\anphatindustry\src\app\dich-vu\page.t
sx[0m:28:1]
 [2m28[0m |   const ctaData = ctaRaw ? JSON.parse(ctaRaw.value) as typeof 
defaultContactCTA : defaultContactCTA
 [2m29[0m | 
 [2m30[0m |   return (
 [2m31[0m |     <>
    : [31;1m     ^[0m
 [2m32[0m |       {/* Hero */}
 [2m33[0m |       <section className="bg-dark-1 border-b border-white/5 
section-pt pb-12">
 [2m34[0m |         <div className="site-container">
    `----

  [31mx[0m Expected ',', got '< (jsx tag start)'
    ,-[[36;1;4mC:\Users\thannh\Documents\anphatindustry\src\app\dich-vu\page.t
sx[0m:30:1]
 [2m30[0m |   return (
 [2m31[0m |     <>
 [2m32[0m |       {/* Hero */}
 [2m33[0m |       <section className="bg-dark-1 border-b border-white/5 
section-pt pb-12">
    : [31;1m      ^[0m
 [2m34[0m |         <div className="site-container">
 [2m35[0m |           <Breadcrumb items={[{ label: 'Dß╗ïch Vß╗Ñ' }]} />
 [2m36[0m |           <h1 className="font-heading font-bold text-white 
text-3xl lg:text-5xl mt-5 mb-3">
    `----

Caused by:
    Syntax Error

Import trace for requested module:
./src/app/dich-vu/page.tsx

./src/app/lien-he/ContactForm.tsx
Error: 
  [31mx[0m the name `serviceOptions` is defined multiple times
     ,-[[36;1;4mC:\Users\thannh\Documents\anphatindustry\src\app\lien-he\Conta
ctForm.tsx[0m:17:1]
 [2m 17[0m | 
 [2m 18[0m | type ContactFormData = z.infer<typeof contactSchema>
 [2m 19[0m | 
 [2m 20[0m | const serviceOptions = [
     : [31;1m      ^^^^^^^|^^^^^^[0m
     :              [31;1m`-- [31;1mprevious definition of `serviceOptions` 
here[0m[0m
 [2m 21[0m |   'Bß║úo d╞░ß╗íng ─æß╗ïnh kß╗│',
 [2m 22[0m |   'Sß╗¡a chß╗»a ─æiß╗çn & ─æiß╗çn lß║ính',
 [2m 23[0m |   'Sß╗¡a chß╗»a m├íy gß║ºm',
 [2m 24[0m |   'Ch─âm s├│c nß╗Öi thß║Ñt',
 [2m 25[0m |   'Ch─âm s├│c ngoß║íi thß║Ñt',
 [2m 26[0m |   '─Éß╗ông s╞ín',
 [2m 27[0m |   'Kiß╗âm tra tß╗òng qu├ít',
 [2m 28[0m |   'Dß╗ïch vß╗Ñ kh├íc',
 [2m 29[0m | ]
 [2m 30[0m | 
 [2m 31[0m | function FieldError({ msg }: { msg?: string }) {
 [2m 32[0m |   if (!msg) return null
 [2m 33[0m |   return <p className="text-primary text-xs mt-1.5">{msg}</p>
 [2m 34[0m | }
 [2m 35[0m | 
 [2m 36[0m | export default function ContactForm() {
 [2m 37[0m |   const [submitted, setSubmitted] = useState(false)
 [2m 38[0m |   const { register, handleSubmit, formState: { errors, 
isSubmitting }, reset } =
 [2m 39[0m |     useForm<ContactFormData>({ resolver: 
zodResolver(contactSchema) })
 [2m 40[0m | 
 [2m 41[0m |   const onSubmit = async (data: ContactFormData) => {
 [2m 42[0m |     await new Promise((r) => setTimeout(r, 1200))
 [2m 43[0m |     console.info('Contact form submitted:', data)
 [2m 44[0m |     setSubmitted(true)
 [2m 45[0m |     reset()
 [2m 46[0m |   }
 [2m 47[0m | 
 [2m 48[0m |   if (submitted) {
 [2m 49[0m |     return (
 [2m 50[0m |       <div className="flex flex-col items-center justify-center 
text-center py-16 px-6">
 [2m 51[0m |         <div className="w-16 h-16 bg-primary/15 rounded-full 
flex items-center justify-center mb-4">
 [2m 52[0m |           <CheckCircle2 size={32} className="text-primary" />
 [2m 53[0m |         </div>
 [2m 54[0m |         <h3 className="font-heading font-bold text-white 
text-xl mb-2">Gß╗¡i Th├ánh C├┤ng!</h3>
 [2m 55[0m |         <p className="text-white/50 text-sm max-w-xs">
 [2m 56[0m |           Cß║úm ╞ín qu├╜ kh├ích. Ch├║ng t├┤i sß║╜ li├¬n hß╗ç 
lß║íi trong v├▓ng 30 ph├║t trong giß╗¥ l├ám viß╗çc.
 [2m 57[0m |         </p>
 [2m 58[0m |         <button onClick={() => setSubmitted(false)} 
className="mt-6 text-primary font-semibold text-sm hover:underline">
 [2m 59[0m |           Gß╗¡i y├¬u cß║ºu kh├íc
 [2m 60[0m |         </button>
 [2m 61[0m |       </div>
 [2m 62[0m |     )
 [2m 63[0m |   }
 [2m 64[0m | 
 [2m 65[0m |   const inputCls = cn(
 [2m 66[0m |     'form-control',
 [2m 67[0m |     'bg-dark-3 text-white border-white/10',
 [2m 68[0m |     'focus:border-primary focus:ring-0'
 [2m 69[0m |   )
 [2m 70[0m | 
 [2m 71[0m |   return (
 [2m 72[0m |     <form onSubmit={handleSubmit(onSubmit)} 
className="space-y-4" noValidate>
 [2m 73[0m |       {/* Name + Phone */}
 [2m 74[0m |       <div className="grid grid-cols-1 sm:grid-cols-2 gap-4">
 [2m 75[0m |         <div>
 [2m 76[0m |           <label className="block text-white/60 text-xs 
font-semibold mb-1.5 uppercase tracking-wide">
 [2m 77[0m |             Hß╗ì v├á t├¬n <span 
className="text-primary">*</span>
 [2m 78[0m |           </label>
 [2m 79[0m |           <input {...register('name')} placeholder="Nguyß╗àn 
V─ân A" className={inputCls} />
 [2m 80[0m |           <FieldError msg={errors.name?.message} />
 [2m 81[0m |         </div>
 [2m 82[0m |         <div>
 [2m 83[0m |           <label className="block text-white/60 text-xs 
font-semibold mb-1.5 uppercase tracking-wide">
 [2m 84[0m |             Sß╗æ ─æiß╗çn thoß║íi <span 
className="text-primary">*</span>
 [2m 85[0m |           </label>
 [2m 86[0m |           <input {...register('phone')} type="tel" 
placeholder="0901 234 567" className={inputCls} />
 [2m 87[0m |           <FieldError msg={errors.phone?.message} />
 [2m 88[0m |         </div>
 [2m 89[0m |       </div>
 [2m 90[0m | 
 [2m 91[0m |       {/* Email */}
 [2m 92[0m |       <div>
 [2m 93[0m |         <label className="block text-white/60 text-xs 
font-semibold mb-1.5 uppercase tracking-wide">
 [2m 94[0m |           Email (t├╣y chß╗ìn)
 [2m 95[0m |         </label>
 [2m 96[0m |         <input {...register('email')} type="email" 
placeholder="example@email.com" className={inputCls} />
 [2m 97[0m |         <FieldError msg={errors.email?.message} />
 [2m 98[0m |       </div>
 [2m 99[0m | 
 [2m100[0m |       {/* Service */}
 [2m101[0m |       <div>
 [2m102[0m |         <label className="block text-white/60 text-xs 
font-semibold mb-1.5 uppercase tracking-wide">
 [2m103[0m |           Dß╗ïch vß╗Ñ quan t├óm
 [2m104[0m |         </label>
 [2m105[0m |         <select
 [2m106[0m |           {...register('service')}
 [2m107[0m |           className={cn(inputCls, 'appearance-none 
cursor-pointer')}
 [2m108[0m |         >
 [2m109[0m |           <option value="">-- Chß╗ìn dß╗ïch vß╗Ñ --</option>
 [2m110[0m |           {serviceOptions.map((s) => <option key={s} 
value={s}>{s}</option>)}
 [2m111[0m |         </select>
 [2m112[0m |       </div>
 [2m113[0m | 
 [2m114[0m |       {/* Message */}
 [2m115[0m |       <div>
 [2m116[0m |         <label className="block text-white/60 text-xs 
font-semibold mb-1.5 uppercase tracking-wide">
 [2m117[0m |           Nß╗Öi dung <span className="text-primary">*</span>
 [2m118[0m |         </label>
 [2m119[0m |         <textarea
 [2m120[0m |           {...register('message')}
 [2m121[0m |           placeholder="M├┤ tß║ú t├¼nh trß║íng xe hoß║╖c y├¬u 
cß║ºu cß╗ºa bß║ín..."
 [2m122[0m |           className={cn(inputCls, 'min-h-[120px] resize-y')}
 [2m123[0m |           rows={5}
 [2m124[0m |         />
 [2m125[0m |         <FieldError msg={errors.message?.message} />
 [2m126[0m |       </div>
 [2m127[0m | 
 [2m128[0m |       <button
 [2m129[0m |         type="submit"
 [2m130[0m |         disabled={isSubmitting}
 [2m131[0m |         className="btn-main w-full justify-center py-3.5 
disabled:opacity-60 disabled:cursor-not-allowed"
 [2m132[0m |       >
 [2m133[0m |         {isSubmitting ? (
 [2m134[0m |           <><Loader2 size={16} className="animate-spin" /> 
─Éang gß╗¡i...</>
 [2m135[0m |         ) : (
 [2m136[0m |           <><Send size={16} /> Gß╗¡i Y├¬u Cß║ºu T╞░ Vß║Ñn</>
 [2m137[0m |         )}
 [2m138[0m |       </button>
 [2m139[0m |     </form>
 [2m140[0m |   )
 [2m141[0m | }
 [2m142[0m | 
 [2m143[0m | 
 [2m144[0m | const serviceOptions = [
     : [33;1m      ^^^^^^^|^^^^^^[0m
     :              [33;1m`-- [33;1m`serviceOptions` redefined here[0m[0m
 [2m145[0m |   'B├í┬║┬úo d├å┬░├í┬╗┬íng ├äΓÇÿ├í┬╗ΓÇ╣nh k├í┬╗┬│',
 [2m146[0m |   'S├í┬╗┬¡a ch├í┬╗┬»a ├äΓÇÿi├í┬╗ΓÇín & ├äΓÇÿi├í┬╗ΓÇín 
l├í┬║┬ính',
 [2m147[0m |   'S├í┬╗┬¡a ch├í┬╗┬»a m├â┬íy g├í┬║┬ºm',
     `----

  [31mx[0m the name `FieldError` is defined multiple times
     ,-[[36;1;4mC:\Users\thannh\Documents\anphatindustry\src\app\lien-he\Conta
ctForm.tsx[0m:28:1]
 [2m 28[0m |   'Dß╗ïch vß╗Ñ kh├íc',
 [2m 29[0m | ]
 [2m 30[0m | 
 [2m 31[0m | function FieldError({ msg }: { msg?: string }) {
     : [31;1m         ^^^^^|^^^^[0m
     :               [31;1m`-- [31;1mprevious definition of `FieldError` 
here[0m[0m
 [2m 32[0m |   if (!msg) return null
 [2m 33[0m |   return <p className="text-primary text-xs mt-1.5">{msg}</p>
 [2m 34[0m | }
 [2m 35[0m | 
 [2m 36[0m | export default function ContactForm() {
 [2m 37[0m |   const [submitted, setSubmitted] = useState(false)
 [2m 38[0m |   const { register, handleSubmit, formState: { errors, 
isSubmitting }, reset } =
 [2m 39[0m |     useForm<ContactFormData>({ resolver: 
zodResolver(contactSchema) })
 [2m 40[0m | 
 [2m 41[0m |   const onSubmit = async (data: ContactFormData) => {
 [2m 42[0m |     await new Promise((r) => setTimeout(r, 1200))
 [2m 43[0m |     console.info('Contact form submitted:', data)
 [2m 44[0m |     setSubmitted(true)
 [2m 45[0m |     reset()
 [2m 46[0m |   }
 [2m 47[0m | 
 [2m 48[0m |   if (submitted) {
 [2m 49[0m |     return (
 [2m 50[0m |       <div className="flex flex-col items-center justify-center 
text-center py-16 px-6">
 [2m 51[0m |         <div className="w-16 h-16 bg-primary/15 rounded-full 
flex items-center justify-center mb-4">
 [2m 52[0m |           <CheckCircle2 size={32} className="text-primary" />
 [2m 53[0m |         </div>
 [2m 54[0m |         <h3 className="font-heading font-bold text-white 
text-xl mb-2">Gß╗¡i Th├ánh C├┤ng!</h3>
 [2m 55[0m |         <p className="text-white/50 text-sm max-w-xs">
 [2m 56[0m |           Cß║úm ╞ín qu├╜ kh├ích. Ch├║ng t├┤i sß║╜ li├¬n hß╗ç 
lß║íi trong v├▓ng 30 ph├║t trong giß╗¥ l├ám viß╗çc.
 [2m 57[0m |         </p>
 [2m 58[0m |         <button onClick={() => setSubmitted(false)} 
className="mt-6 text-primary font-semibold text-sm hover:underline">
 [2m 59[0m |           Gß╗¡i y├¬u cß║ºu kh├íc
 [2m 60[0m |         </button>
 [2m 61[0m |       </div>
 [2m 62[0m |     )
 [2m 63[0m |   }
 [2m 64[0m | 
 [2m 65[0m |   const inputCls = cn(
 [2m 66[0m |     'form-control',
 [2m 67[0m |     'bg-dark-3 text-white border-white/10',
 [2m 68[0m |     'focus:border-primary focus:ring-0'
 [2m 69[0m |   )
 [2m 70[0m | 
 [2m 71[0m |   return (
 [2m 72[0m |     <form onSubmit={handleSubmit(onSubmit)} 
className="space-y-4" noValidate>
 [2m 73[0m |       {/* Name + Phone */}
 [2m 74[0m |       <div className="grid grid-cols-1 sm:grid-cols-2 gap-4">
 [2m 75[0m |         <div>
 [2m 76[0m |           <label className="block text-white/60 text-xs 
font-semibold mb-1.5 uppercase tracking-wide">
 [2m 77[0m |             Hß╗ì v├á t├¬n <span 
className="text-primary">*</span>
 [2m 78[0m |           </label>
 [2m 79[0m |           <input {...register('name')} placeholder="Nguyß╗àn 
V─ân A" className={inputCls} />
 [2m 80[0m |           <FieldError msg={errors.name?.message} />
 [2m 81[0m |         </div>
 [2m 82[0m |         <div>
 [2m 83[0m |           <label className="block text-white/60 text-xs 
font-semibold mb-1.5 uppercase tracking-wide">
 [2m 84[0m |             Sß╗æ ─æiß╗çn thoß║íi <span 
className="text-primary">*</span>
 [2m 85[0m |           </label>
 [2m 86[0m |           <input {...register('phone')} type="tel" 
placeholder="0901 234 567" className={inputCls} />
 [2m 87[0m |           <FieldError msg={errors.phone?.message} />
 [2m 88[0m |         </div>
 [2m 89[0m |       </div>
 [2m 90[0m | 
 [2m 91[0m |       {/* Email */}
 [2m 92[0m |       <div>
 [2m 93[0m |         <label className="block text-white/60 text-xs 
font-semibold mb-1.5 uppercase tracking-wide">
 [2m 94[0m |           Email (t├╣y chß╗ìn)
 [2m 95[0m |         </label>
 [2m 96[0m |         <input {...register('email')} type="email" 
placeholder="example@email.com" className={inputCls} />
 [2m 97[0m |         <FieldError msg={errors.email?.message} />
 [2m 98[0m |       </div>
 [2m 99[0m | 
 [2m100[0m |       {/* Service */}
 [2m101[0m |       <div>
 [2m102[0m |         <label className="block text-white/60 text-xs 
font-semibold mb-1.5 uppercase tracking-wide">
 [2m103[0m |           Dß╗ïch vß╗Ñ quan t├óm
 [2m104[0m |         </label>
 [2m105[0m |         <select
 [2m106[0m |           {...register('service')}
 [2m107[0m |           className={cn(inputCls, 'appearance-none 
cursor-pointer')}
 [2m108[0m |         >
 [2m109[0m |           <option value="">-- Chß╗ìn dß╗ïch vß╗Ñ --</option>
 [2m110[0m |           {serviceOptions.map((s) => <option key={s} 
value={s}>{s}</option>)}
 [2m111[0m |         </select>
 [2m112[0m |       </div>
 [2m113[0m | 
 [2m114[0m |       {/* Message */}
 [2m115[0m |       <div>
 [2m116[0m |         <label className="block text-white/60 text-xs 
font-semibold mb-1.5 uppercase tracking-wide">
 [2m117[0m |           Nß╗Öi dung <span className="text-primary">*</span>
 [2m118[0m |         </label>
 [2m119[0m |         <textarea
 [2m120[0m |           {...register('message')}
 [2m121[0m |           placeholder="M├┤ tß║ú t├¼nh trß║íng xe hoß║╖c y├¬u 
cß║ºu cß╗ºa bß║ín..."
 [2m122[0m |           className={cn(inputCls, 'min-h-[120px] resize-y')}
 [2m123[0m |           rows={5}
 [2m124[0m |         />
 [2m125[0m |         <FieldError msg={errors.message?.message} />
 [2m126[0m |       </div>
 [2m127[0m | 
 [2m128[0m |       <button
 [2m129[0m |         type="submit"
 [2m130[0m |         disabled={isSubmitting}
 [2m131[0m |         className="btn-main w-full justify-center py-3.5 
disabled:opacity-60 disabled:cursor-not-allowed"
 [2m132[0m |       >
 [2m133[0m |         {isSubmitting ? (
 [2m134[0m |           <><Loader2 size={16} className="animate-spin" /> 
─Éang gß╗¡i...</>
 [2m135[0m |         ) : (
 [2m136[0m |           <><Send size={16} /> Gß╗¡i Y├¬u Cß║ºu T╞░ Vß║Ñn</>
 [2m137[0m |         )}
 [2m138[0m |       </button>
 [2m139[0m |     </form>
 [2m140[0m |   )
 [2m141[0m | }
 [2m142[0m | 
 [2m143[0m | 
 [2m144[0m | const serviceOptions = [
 [2m145[0m |   'B├í┬║┬úo d├å┬░├í┬╗┬íng ├äΓÇÿ├í┬╗ΓÇ╣nh k├í┬╗┬│',
 [2m146[0m |   'S├í┬╗┬¡a ch├í┬╗┬»a ├äΓÇÿi├í┬╗ΓÇín & ├äΓÇÿi├í┬╗ΓÇín 
l├í┬║┬ính',
 [2m147[0m |   'S├í┬╗┬¡a ch├í┬╗┬»a m├â┬íy g├í┬║┬ºm',
 [2m148[0m |   'Ch├ä╞Æm s├â┬│c n├í┬╗Γäói th├í┬║┬Ñt',
 [2m149[0m |   'Ch├ä╞Æm s├â┬│c ngo├í┬║┬íi th├í┬║┬Ñt',
 [2m150[0m |   '├ä┬É├í┬╗ΓÇ£ng s├å┬ín',
 [2m151[0m |   'Ki├í┬╗╞Æm tra t├í┬╗ΓÇóng qu├â┬ít',
 [2m152[0m |   'D├í┬╗ΓÇ╣ch v├í┬╗┬Ñ kh├â┬íc',
 [2m153[0m | ]
 [2m154[0m | 
 [2m155[0m | function FieldError({ msg }: { msg?: string }) {
     : [33;1m         ^^^^^|^^^^[0m
     :               [33;1m`-- [33;1m`FieldError` redefined here[0m[0m
 [2m156[0m |   if (!msg) return null
 [2m157[0m |   return <p className="text-primary text-xs mt-1.5">{msg}</p>
 [2m158[0m | }
     `----

  [31mx[0m the name `ContactForm` is defined multiple times
     ,-[[36;1;4mC:\Users\thannh\Documents\anphatindustry\src\app\lien-he\Conta
ctForm.tsx[0m:33:1]
 [2m 33[0m |   return <p className="text-primary text-xs mt-1.5">{msg}</p>
 [2m 34[0m | }
 [2m 35[0m | 
 [2m 36[0m | export default function ContactForm() {
     : [31;1m                        ^^^^^|^^^^^[0m
     :                              [31;1m`-- [31;1mprevious definition of 
`ContactForm` here[0m[0m
 [2m 37[0m |   const [submitted, setSubmitted] = useState(false)
 [2m 38[0m |   const { register, handleSubmit, formState: { errors, 
isSubmitting }, reset } =
 [2m 39[0m |     useForm<ContactFormData>({ resolver: 
zodResolver(contactSchema) })
 [2m 40[0m | 
 [2m 41[0m |   const onSubmit = async (data: ContactFormData) => {
 [2m 42[0m |     await new Promise((r) => setTimeout(r, 1200))
 [2m 43[0m |     console.info('Contact form submitted:', data)
 [2m 44[0m |     setSubmitted(true)
 [2m 45[0m |     reset()
 [2m 46[0m |   }
 [2m 47[0m | 
 [2m 48[0m |   if (submitted) {
 [2m 49[0m |     return (
 [2m 50[0m |       <div className="flex flex-col items-center justify-center 
text-center py-16 px-6">
 [2m 51[0m |         <div className="w-16 h-16 bg-primary/15 rounded-full 
flex items-center justify-center mb-4">
 [2m 52[0m |           <CheckCircle2 size={32} className="text-primary" />
 [2m 53[0m |         </div>
 [2m 54[0m |         <h3 className="font-heading font-bold text-white 
text-xl mb-2">Gß╗¡i Th├ánh C├┤ng!</h3>
 [2m 55[0m |         <p className="text-white/50 text-sm max-w-xs">
 [2m 56[0m |           Cß║úm ╞ín qu├╜ kh├ích. Ch├║ng t├┤i sß║╜ li├¬n hß╗ç 
lß║íi trong v├▓ng 30 ph├║t trong giß╗¥ l├ám viß╗çc.
 [2m 57[0m |         </p>
 [2m 58[0m |         <button onClick={() => setSubmitted(false)} 
className="mt-6 text-primary font-semibold text-sm hover:underline">
 [2m 59[0m |           Gß╗¡i y├¬u cß║ºu kh├íc
 [2m 60[0m |         </button>
 [2m 61[0m |       </div>
 [2m 62[0m |     )
 [2m 63[0m |   }
 [2m 64[0m | 
 [2m 65[0m |   const inputCls = cn(
 [2m 66[0m |     'form-control',
 [2m 67[0m |     'bg-dark-3 text-white border-white/10',
 [2m 68[0m |     'focus:border-primary focus:ring-0'
 [2m 69[0m |   )
 [2m 70[0m | 
 [2m 71[0m |   return (
 [2m 72[0m |     <form onSubmit={handleSubmit(onSubmit)} 
className="space-y-4" noValidate>
 [2m 73[0m |       {/* Name + Phone */}
 [2m 74[0m |       <div className="grid grid-cols-1 sm:grid-cols-2 gap-4">
 [2m 75[0m |         <div>
 [2m 76[0m |           <label className="block text-white/60 text-xs 
font-semibold mb-1.5 uppercase tracking-wide">
 [2m 77[0m |             Hß╗ì v├á t├¬n <span 
className="text-primary">*</span>
 [2m 78[0m |           </label>
 [2m 79[0m |           <input {...register('name')} placeholder="Nguyß╗àn 
V─ân A" className={inputCls} />
 [2m 80[0m |           <FieldError msg={errors.name?.message} />
 [2m 81[0m |         </div>
 [2m 82[0m |         <div>
 [2m 83[0m |           <label className="block text-white/60 text-xs 
font-semibold mb-1.5 uppercase tracking-wide">
 [2m 84[0m |             Sß╗æ ─æiß╗çn thoß║íi <span 
className="text-primary">*</span>
 [2m 85[0m |           </label>
 [2m 86[0m |           <input {...register('phone')} type="tel" 
placeholder="0901 234 567" className={inputCls} />
 [2m 87[0m |           <FieldError msg={errors.phone?.message} />
 [2m 88[0m |         </div>
 [2m 89[0m |       </div>
 [2m 90[0m | 
 [2m 91[0m |       {/* Email */}
 [2m 92[0m |       <div>
 [2m 93[0m |         <label className="block text-white/60 text-xs 
font-semibold mb-1.5 uppercase tracking-wide">
 [2m 94[0m |           Email (t├╣y chß╗ìn)
 [2m 95[0m |         </label>
 [2m 96[0m |         <input {...register('email')} type="email" 
placeholder="example@email.com" className={inputCls} />
 [2m 97[0m |         <FieldError msg={errors.email?.message} />
 [2m 98[0m |       </div>
 [2m 99[0m | 
 [2m100[0m |       {/* Service */}
 [2m101[0m |       <div>
 [2m102[0m |         <label className="block text-white/60 text-xs 
font-semibold mb-1.5 uppercase tracking-wide">
 [2m103[0m |           Dß╗ïch vß╗Ñ quan t├óm
 [2m104[0m |         </label>
 [2m105[0m |         <select
 [2m106[0m |           {...register('service')}
 [2m107[0m |           className={cn(inputCls, 'appearance-none 
cursor-pointer')}
 [2m108[0m |         >
 [2m109[0m |           <option value="">-- Chß╗ìn dß╗ïch vß╗Ñ --</option>
 [2m110[0m |           {serviceOptions.map((s) => <option key={s} 
value={s}>{s}</option>)}
 [2m111[0m |         </select>
 [2m112[0m |       </div>
 [2m113[0m | 
 [2m114[0m |       {/* Message */}
 [2m115[0m |       <div>
 [2m116[0m |         <label className="block text-white/60 text-xs 
font-semibold mb-1.5 uppercase tracking-wide">
 [2m117[0m |           Nß╗Öi dung <span className="text-primary">*</span>
 [2m118[0m |         </label>
 [2m119[0m |         <textarea
 [2m120[0m |           {...register('message')}
 [2m121[0m |           placeholder="M├┤ tß║ú t├¼nh trß║íng xe hoß║╖c y├¬u 
cß║ºu cß╗ºa bß║ín..."
 [2m122[0m |           className={cn(inputCls, 'min-h-[120px] resize-y')}
 [2m123[0m |           rows={5}
 [2m124[0m |         />
 [2m125[0m |         <FieldError msg={errors.message?.message} />
 [2m126[0m |       </div>
 [2m127[0m | 
 [2m128[0m |       <button
 [2m129[0m |         type="submit"
 [2m130[0m |         disabled={isSubmitting}
 [2m131[0m |         className="btn-main w-full justify-center py-3.5 
disabled:opacity-60 disabled:cursor-not-allowed"
 [2m132[0m |       >
 [2m133[0m |         {isSubmitting ? (
 [2m134[0m |           <><Loader2 size={16} className="animate-spin" /> 
─Éang gß╗¡i...</>
 [2m135[0m |         ) : (
 [2m136[0m |           <><Send size={16} /> Gß╗¡i Y├¬u Cß║ºu T╞░ Vß║Ñn</>
 [2m137[0m |         )}
 [2m138[0m |       </button>
 [2m139[0m |     </form>
 [2m140[0m |   )
 [2m141[0m | }
 [2m142[0m | 
 [2m143[0m | 
 [2m144[0m | const serviceOptions = [
 [2m145[0m |   'B├í┬║┬úo d├å┬░├í┬╗┬íng ├äΓÇÿ├í┬╗ΓÇ╣nh k├í┬╗┬│',
 [2m146[0m |   'S├í┬╗┬¡a ch├í┬╗┬»a ├äΓÇÿi├í┬╗ΓÇín & ├äΓÇÿi├í┬╗ΓÇín 
l├í┬║┬ính',
 [2m147[0m |   'S├í┬╗┬¡a ch├í┬╗┬»a m├â┬íy g├í┬║┬ºm',
 [2m148[0m |   'Ch├ä╞Æm s├â┬│c n├í┬╗Γäói th├í┬║┬Ñt',
 [2m149[0m |   'Ch├ä╞Æm s├â┬│c ngo├í┬║┬íi th├í┬║┬Ñt',
 [2m150[0m |   '├ä┬É├í┬╗ΓÇ£ng s├å┬ín',
 [2m151[0m |   'Ki├í┬╗╞Æm tra t├í┬╗ΓÇóng qu├â┬ít',
 [2m152[0m |   'D├í┬╗ΓÇ╣ch v├í┬╗┬Ñ kh├â┬íc',
 [2m153[0m | ]
 [2m154[0m | 
 [2m155[0m | function FieldError({ msg }: { msg?: string }) {
 [2m156[0m |   if (!msg) return null
 [2m157[0m |   return <p className="text-primary text-xs mt-1.5">{msg}</p>
 [2m158[0m | }
 [2m159[0m | 
 [2m160[0m | export default function ContactForm() {
     : [33;1m                        ^^^^^|^^^^^[0m
     :                              [33;1m`-- [33;1m`ContactForm` redefined 
here[0m[0m
 [2m161[0m |   const [submitted, setSubmitted] = useState(false)
 [2m162[0m |   const { register, handleSubmit, formState: { errors, 
isSubmitting }, reset } =
 [2m163[0m |     useForm<ContactFormData>({ resolver: 
zodResolver(contactSchema) })
     `----

  [31mx[0m the name `default` is exported multiple times
     ,-[[36;1;4mC:\Users\thannh\Documents\anphatindustry\src\app\lien-he\Conta
ctForm.tsx[0m:33:1]
 [2m 33[0m |       return <p className="text-primary text-xs 
mt-1.5">{msg}</p>
 [2m 34[0m |     }
 [2m 35[0m |     
 [2m 36[0m | [31;1m,[0m[31;1m-[0m[31;1m>[0m export default function 
ContactForm() {
 [2m 37[0m | [31;1m|[0m     const [submitted, setSubmitted] = 
useState(false)
 [2m 38[0m | [31;1m|[0m     const { register, handleSubmit, formState: { 
errors, isSubmitting }, reset } =
 [2m 39[0m | [31;1m|[0m       useForm<ContactFormData>({ resolver: 
zodResolver(contactSchema) })
 [2m 40[0m | [31;1m|[0m   
 [2m 41[0m | [31;1m|[0m     const onSubmit = async (data: ContactFormData) 
=> {
 [2m 42[0m | [31;1m|[0m       await new Promise((r) => setTimeout(r, 1200))
 [2m 43[0m | [31;1m|[0m       console.info('Contact form submitted:', data)
 [2m 44[0m | [31;1m|[0m       setSubmitted(true)
 [2m 45[0m | [31;1m|[0m       reset()
 [2m 46[0m | [31;1m|[0m     }
 [2m 47[0m | [31;1m|[0m   
 [2m 48[0m | [31;1m|[0m     if (submitted) {
 [2m 49[0m | [31;1m|[0m       return (
 [2m 50[0m | [31;1m|[0m         <div className="flex flex-col items-center 
justify-center text-center py-16 px-6">
 [2m 51[0m | [31;1m|[0m           <div className="w-16 h-16 bg-primary/15 
rounded-full flex items-center justify-center mb-4">
 [2m 52[0m | [31;1m|[0m             <CheckCircle2 size={32} 
className="text-primary" />
 [2m 53[0m | [31;1m|[0m           </div>
 [2m 54[0m | [31;1m|[0m           <h3 className="font-heading font-bold 
text-white text-xl mb-2">Gß╗¡i Th├ánh C├┤ng!</h3>
 [2m 55[0m | [31;1m|[0m           <p className="text-white/50 text-sm 
max-w-xs">
 [2m 56[0m | [31;1m|[0m             Cß║úm ╞ín qu├╜ kh├ích. Ch├║ng t├┤i 
sß║╜ li├¬n hß╗ç lß║íi trong v├▓ng 30 ph├║t trong giß╗¥ l├ám viß╗çc.
 [2m 57[0m | [31;1m|[0m           </p>
 [2m 58[0m | [31;1m|[0m           <button onClick={() => 
setSubmitted(false)} className="mt-6 text-primary font-semibold text-sm 
hover:underline">
 [2m 59[0m | [31;1m|[0m             Gß╗¡i y├¬u cß║ºu kh├íc
 [2m 60[0m | [31;1m|[0m           </button>
 [2m 61[0m | [31;1m|[0m         </div>
 [2m 62[0m | [31;1m|[0m       )
 [2m 63[0m | [31;1m|[0m     }
 [2m 64[0m | [31;1m|[0m   
 [2m 65[0m | [31;1m|[0m     const inputCls = cn(
 [2m 66[0m | [31;1m|[0m       'form-control',
 [2m 67[0m | [31;1m|[0m       'bg-dark-3 text-white border-white/10',
 [2m 68[0m | [31;1m|[0m       'focus:border-primary focus:ring-0'
 [2m 69[0m | [31;1m|[0m     )
 [2m 70[0m | [31;1m|[0m   
 [2m 71[0m | [31;1m|[0m     return (
 [2m 72[0m | [31;1m|[0m       <form onSubmit={handleSubmit(onSubmit)} 
className="space-y-4" noValidate>
 [2m 73[0m | [31;1m|[0m         {/* Name + Phone */}
 [2m 74[0m | [31;1m|[0m         <div className="grid grid-cols-1 
sm:grid-cols-2 gap-4">
 [2m 75[0m | [31;1m|[0m           <div>
 [2m 76[0m | [31;1m|[0m             <label className="block text-white/60 
text-xs font-semibold mb-1.5 uppercase tracking-wide">
 [2m 77[0m | [31;1m|[0m               Hß╗ì v├á t├¬n <span 
className="text-primary">*</span>
 [2m 78[0m | [31;1m|[0m             </label>
 [2m 79[0m | [31;1m|[0m             <input {...register('name')} 
placeholder="Nguyß╗àn V─ân A" className={inputCls} />
 [2m 80[0m | [31;1m|[0m             <FieldError msg={errors.name?.message} 
/>
 [2m 81[0m | [31;1m|[0m           </div>
 [2m 82[0m | [31;1m|[0m           <div>
 [2m 83[0m | [31;1m|[0m             <label className="block text-white/60 
text-xs font-semibold mb-1.5 uppercase tracking-wide">
 [2m 84[0m | [31;1m|[0m               Sß╗æ ─æiß╗çn thoß║íi <span 
className="text-primary">*</span>
 [2m 85[0m | [31;1m|[0m             </label>
 [2m 86[0m | [31;1m|[0m             <input {...register('phone')} 
type="tel" placeholder="0901 234 567" className={inputCls} />
 [2m 87[0m | [31;1m|[0m             <FieldError 
msg={errors.phone?.message} />
 [2m 88[0m | [31;1m|[0m           </div>
 [2m 89[0m | [31;1m|[0m         </div>
 [2m 90[0m | [31;1m|[0m   
 [2m 91[0m | [31;1m|[0m         {/* Email */}
 [2m 92[0m | [31;1m|[0m         <div>
 [2m 93[0m | [31;1m|[0m           <label className="block text-white/60 
text-xs font-semibold mb-1.5 uppercase tracking-wide">
 [2m 94[0m | [31;1m|[0m             Email (t├╣y chß╗ìn)
 [2m 95[0m | [31;1m|[0m           </label>
 [2m 96[0m | [31;1m|[0m           <input {...register('email')} 
type="email" placeholder="example@email.com" className={inputCls} />
 [2m 97[0m | [31;1m|[0m           <FieldError msg={errors.email?.message} 
/>
 [2m 98[0m | [31;1m|[0m         </div>
 [2m 99[0m | [31;1m|[0m   
 [2m100[0m | [31;1m|[0m         {/* Service */}
 [2m101[0m | [31;1m|[0m         <div>
 [2m102[0m | [31;1m|[0m           <label className="block text-white/60 
text-xs font-semibold mb-1.5 uppercase tracking-wide">
 [2m103[0m | [31;1m|[0m             Dß╗ïch vß╗Ñ quan t├óm
 [2m104[0m | [31;1m|[0m           </label>
 [2m105[0m | [31;1m|[0m           <select
 [2m106[0m | [31;1m|[0m             {...register('service')}
 [2m107[0m | [31;1m|[0m             className={cn(inputCls, 
'appearance-none cursor-pointer')}
 [2m108[0m | [31;1m|[0m           >
 [2m109[0m | [31;1m|[0m             <option value="">-- Chß╗ìn dß╗ïch vß╗Ñ 
--</option>
 [2m110[0m | [31;1m|[0m             {serviceOptions.map((s) => <option 
key={s} value={s}>{s}</option>)}
 [2m111[0m | [31;1m|[0m           </select>
 [2m112[0m | [31;1m|[0m         </div>
 [2m113[0m | [31;1m|[0m   
 [2m114[0m | [31;1m|[0m         {/* Message */}
 [2m115[0m | [31;1m|[0m         <div>
 [2m116[0m | [31;1m|[0m           <label className="block text-white/60 
text-xs font-semibold mb-1.5 uppercase tracking-wide">
 [2m117[0m | [31;1m|[0m             Nß╗Öi dung <span 
className="text-primary">*</span>
 [2m118[0m | [31;1m|[0m           </label>
 [2m119[0m | [31;1m|[0m           <textarea
 [2m120[0m | [31;1m|[0m             {...register('message')}
 [2m121[0m | [31;1m|[0m             placeholder="M├┤ tß║ú t├¼nh trß║íng xe 
hoß║╖c y├¬u cß║ºu cß╗ºa bß║ín..."
 [2m122[0m | [31;1m|[0m             className={cn(inputCls, 'min-h-[120px] 
resize-y')}
 [2m123[0m | [31;1m|[0m             rows={5}
 [2m124[0m | [31;1m|[0m           />
 [2m125[0m | [31;1m|[0m           <FieldError 
msg={errors.message?.message} />
 [2m126[0m | [31;1m|[0m         </div>
 [2m127[0m | [31;1m|[0m   
 [2m128[0m | [31;1m|[0m         <button
 [2m129[0m | [31;1m|[0m           type="submit"
 [2m130[0m | [31;1m|[0m           disabled={isSubmitting}
 [2m131[0m | [31;1m|[0m           className="btn-main w-full 
justify-center py-3.5 disabled:opacity-60 disabled:cursor-not-allowed"
 [2m132[0m | [31;1m|[0m         >
 [2m133[0m | [31;1m|[0m           {isSubmitting ? (
 [2m134[0m | [31;1m|[0m             <><Loader2 size={16} 
className="animate-spin" /> ─Éang gß╗¡i...</>
 [2m135[0m | [31;1m|[0m           ) : (
 [2m136[0m | [31;1m|[0m             <><Send size={16} /> Gß╗¡i Y├¬u Cß║ºu 
T╞░ Vß║Ñn</>
 [2m137[0m | [31;1m|[0m           )}
 [2m138[0m | [31;1m|[0m         </button>
 [2m139[0m | [31;1m|[0m       </form>
 [2m140[0m | [31;1m|[0m     )
 [2m141[0m | [31;1m|[0m[31;1m-[0m[31;1m>[0m }
     : [31;1m`[0m[31;1m---[0m[31;1m-[0m [31;1mprevious exported here[0m
 [2m142[0m |     
 [2m143[0m |     
 [2m144[0m |     const serviceOptions = [
 [2m145[0m |       'B├í┬║┬úo d├å┬░├í┬╗┬íng ├äΓÇÿ├í┬╗ΓÇ╣nh k├í┬╗┬│',
 [2m146[0m |       'S├í┬╗┬¡a ch├í┬╗┬»a ├äΓÇÿi├í┬╗ΓÇín & ├äΓÇÿi├í┬╗ΓÇín 
l├í┬║┬ính',
 [2m147[0m |       'S├í┬╗┬¡a ch├í┬╗┬»a m├â┬íy g├í┬║┬ºm',
 [2m148[0m |       'Ch├ä╞Æm s├â┬│c n├í┬╗Γäói th├í┬║┬Ñt',
 [2m149[0m |       'Ch├ä╞Æm s├â┬│c ngo├í┬║┬íi th├í┬║┬Ñt',
 [2m150[0m |       '├ä┬É├í┬╗ΓÇ£ng s├å┬ín',
 [2m151[0m |       'Ki├í┬╗╞Æm tra t├í┬╗ΓÇóng qu├â┬ít',
 [2m152[0m |       'D├í┬╗ΓÇ╣ch v├í┬╗┬Ñ kh├â┬íc',
 [2m153[0m |     ]
 [2m154[0m |     
 [2m155[0m |     function FieldError({ msg }: { msg?: string }) {
 [2m156[0m |       if (!msg) return null
 [2m157[0m |       return <p className="text-primary text-xs 
mt-1.5">{msg}</p>
 [2m158[0m |     }
 [2m159[0m |     
 [2m160[0m | [33;1m,[0m[33;1m-[0m[33;1m>[0m export default function 
ContactForm() {
 [2m161[0m | [33;1m|[0m     const [submitted, setSubmitted] = 
useState(false)
 [2m162[0m | [33;1m|[0m     const { register, handleSubmit, formState: { 
errors, isSubmitting }, reset } =
 [2m163[0m | [33;1m|[0m       useForm<ContactFormData>({ resolver: 
zodResolver(contactSchema) })
 [2m164[0m | [33;1m|[0m   
 [2m165[0m | [33;1m|[0m     const onSubmit = async (data: ContactFormData) 
=> {
 [2m166[0m | [33;1m|[0m       await new Promise((r) => setTimeout(r, 1200))
 [2m167[0m | [33;1m|[0m       console.info('Contact form submitted:', data)
 [2m168[0m | [33;1m|[0m       setSubmitted(true)
 [2m169[0m | [33;1m|[0m       reset()
 [2m170[0m | [33;1m|[0m     }
 [2m171[0m | [33;1m|[0m   
 [2m172[0m | [33;1m|[0m     if (submitted) {
 [2m173[0m | [33;1m|[0m       return (
 [2m174[0m | [33;1m|[0m         <div className="flex flex-col items-center 
justify-center text-center py-16 px-6">
 [2m175[0m | [33;1m|[0m           <div className="w-16 h-16 bg-primary/15 
rounded-full flex items-center justify-center mb-4">
 [2m176[0m | [33;1m|[0m             <CheckCircle2 size={32} 
className="text-primary" />
 [2m177[0m | [33;1m|[0m           </div>
 [2m178[0m | [33;1m|[0m           <h3 className="font-heading font-bold 
text-white text-xl mb-2">G├í┬╗┬¡i Th├â┬ánh C├â┬┤ng!</h3>
 [2m179[0m | [33;1m|[0m           <p className="text-white/50 text-sm 
max-w-xs">
 [2m180[0m | [33;1m|[0m             C├í┬║┬úm ├å┬ín qu├â┬╜ kh├â┬ích. 
Ch├â┬║ng t├â┬┤i s├í┬║┬╜ li├â┬¬n h├í┬╗ΓÇí l├í┬║┬íi trong v├â┬▓ng 30 ph├â┬║t 
trong gi├í┬╗┬¥ l├â┬ám vi├í┬╗ΓÇíc.
 [2m181[0m | [33;1m|[0m           </p>
 [2m182[0m | [33;1m|[0m           <button onClick={() => 
setSubmitted(false)} className="mt-6 text-primary font-semibold text-sm 
hover:underline">
 [2m183[0m | [33;1m|[0m             G├í┬╗┬¡i y├â┬¬u c├í┬║┬ºu kh├â┬íc
 [2m184[0m | [33;1m|[0m           </button>
 [2m185[0m | [33;1m|[0m         </div>
 [2m186[0m | [33;1m|[0m       )
 [2m187[0m | [33;1m|[0m     }
 [2m188[0m | [33;1m|[0m   
 [2m189[0m | [33;1m|[0m     const inputCls = cn(
 [2m190[0m | [33;1m|[0m       'form-control',
 [2m191[0m | [33;1m|[0m       'bg-dark-3 text-white border-white/10',
 [2m192[0m | [33;1m|[0m       'focus:border-primary focus:ring-0'
 [2m193[0m | [33;1m|[0m     )
 [2m194[0m | [33;1m|[0m   
 [2m195[0m | [33;1m|[0m     return (
 [2m196[0m | [33;1m|[0m       <form onSubmit={handleSubmit(onSubmit)} 
className="space-y-4" noValidate>
 [2m197[0m | [33;1m|[0m         {/* Name + Phone */}
 [2m198[0m | [33;1m|[0m         <div className="grid grid-cols-1 
sm:grid-cols-2 gap-4">
 [2m199[0m | [33;1m|[0m           <div>
 [2m200[0m | [33;1m|[0m             <label className="block text-white/60 
text-xs font-semibold mb-1.5 uppercase tracking-wide">
 [2m201[0m | [33;1m|[0m               H├í┬╗┬ì v├â┬á t├â┬¬n <span 
className="text-primary">*</span>
 [2m202[0m | [33;1m|[0m             </label>
 [2m203[0m | [33;1m|[0m             <input {...register('name')} 
placeholder="Nguy├í┬╗ΓÇªn V├ä╞Æn A" className={inputCls} />
 [2m204[0m | [33;1m|[0m             <FieldError msg={errors.name?.message} 
/>
 [2m205[0m | [33;1m|[0m           </div>
 [2m206[0m | [33;1m|[0m           <div>
 [2m207[0m | [33;1m|[0m             <label className="block text-white/60 
text-xs font-semibold mb-1.5 uppercase tracking-wide">
 [2m208[0m | [33;1m|[0m               S├í┬╗ΓÇÿ ├äΓÇÿi├í┬╗ΓÇín tho├í┬║┬íi 
<span className="text-primary">*</span>
 [2m209[0m | [33;1m|[0m             </label>
 [2m210[0m | [33;1m|[0m             <input {...register('phone')} 
type="tel" placeholder="0901 234 567" className={inputCls} />
 [2m211[0m | [33;1m|[0m             <FieldError 
msg={errors.phone?.message} />
 [2m212[0m | [33;1m|[0m           </div>
 [2m213[0m | [33;1m|[0m         </div>
 [2m214[0m | [33;1m|[0m   
 [2m215[0m | [33;1m|[0m         {/* Email */}
 [2m216[0m | [33;1m|[0m         <div>
 [2m217[0m | [33;1m|[0m           <label className="block text-white/60 
text-xs font-semibold mb-1.5 uppercase tracking-wide">
 [2m218[0m | [33;1m|[0m             Email (t├â┬╣y ch├í┬╗┬ìn)
 [2m219[0m | [33;1m|[0m           </label>
 [2m220[0m | [33;1m|[0m           <input {...register('email')} 
type="email" placeholder="example@email.com" className={inputCls} />
 [2m221[0m | [33;1m|[0m           <FieldError msg={errors.email?.message} 
/>
 [2m222[0m | [33;1m|[0m         </div>
 [2m223[0m | [33;1m|[0m   
 [2m224[0m | [33;1m|[0m         {/* Service */}
 [2m225[0m | [33;1m|[0m         <div>
 [2m226[0m | [33;1m|[0m           <label className="block text-white/60 
text-xs font-semibold mb-1.5 uppercase tracking-wide">
 [2m227[0m | [33;1m|[0m             D├í┬╗ΓÇ╣ch v├í┬╗┬Ñ quan t├â┬óm
 [2m228[0m | [33;1m|[0m           </label>
 [2m229[0m | [33;1m|[0m           <select
 [2m230[0m | [33;1m|[0m             {...register('service')}
 [2m231[0m | [33;1m|[0m             className={cn(inputCls, 
'appearance-none cursor-pointer')}
 [2m232[0m | [33;1m|[0m           >
 [2m233[0m | [33;1m|[0m             <option value="">-- Ch├í┬╗┬ìn 
d├í┬╗ΓÇ╣ch v├í┬╗┬Ñ --</option>
 [2m234[0m | [33;1m|[0m             {serviceOptions.map((s) => <option 
key={s} value={s}>{s}</option>)}
 [2m235[0m | [33;1m|[0m           </select>
 [2m236[0m | [33;1m|[0m         </div>
 [2m237[0m | [33;1m|[0m   
 [2m238[0m | [33;1m|[0m         {/* Message */}
 [2m239[0m | [33;1m|[0m         <div>
 [2m240[0m | [33;1m|[0m           <label className="block text-white/60 
text-xs font-semibold mb-1.5 uppercase tracking-wide">
 [2m241[0m | [33;1m|[0m             N├í┬╗Γäói dung <span 
className="text-primary">*</span>
 [2m242[0m | [33;1m|[0m           </label>
 [2m243[0m | [33;1m|[0m           <textarea
 [2m244[0m | [33;1m|[0m             {...register('message')}
 [2m245[0m | [33;1m|[0m             rows={5}
 [2m246[0m | [33;1m|[0m             placeholder="M├â┬┤ t├í┬║┬ú v├í┬║┬Ñn 
├äΓÇÿ├í┬╗┬ü xe ├äΓÇÿang g├í┬║┬╖p ph├í┬║┬úi ho├í┬║┬╖c y├â┬¬u c├í┬║┬ºu c├í┬╗┬Ñ 
th├í┬╗╞Æ..."
 [2m247[0m | [33;1m|[0m             className={inputCls}
 [2m248[0m | [33;1m|[0m           />
 [2m249[0m | [33;1m|[0m           <FieldError 
msg={errors.message?.message} />
 [2m250[0m | [33;1m|[0m         </div>
 [2m251[0m | [33;1m|[0m   
 [2m252[0m | [33;1m|[0m         <button
 [2m253[0m | [33;1m|[0m           type="submit"
 [2m254[0m | [33;1m|[0m           disabled={isSubmitting}
 [2m255[0m | [33;1m|[0m           className="btn-main w-full 
justify-center py-3.5 text-sm disabled:opacity-60"
 [2m256[0m | [33;1m|[0m         >
 [2m257[0m | [33;1m|[0m           {isSubmitting ? (
 [2m258[0m | [33;1m|[0m             <><Loader2 size={16} 
className="animate-spin" /> ├ä┬Éang g├í┬╗┬¡i...</>
 [2m259[0m | [33;1m|[0m           ) : (
 [2m260[0m | [33;1m|[0m             <><Send size={16} /> G├í┬╗┬¡i Y├â┬¬u 
C├í┬║┬ºu</>
 [2m261[0m | [33;1m|[0m           )}
 [2m262[0m | [33;1m|[0m         </button>
 [2m263[0m | [33;1m|[0m   
 [2m264[0m | [33;1m|[0m         <p className="text-white/25 text-xs 
text-center">
 [2m265[0m | [33;1m|[0m           Th├â┬┤ng tin c├í┬╗┬ºa qu├â┬╜ kh├â┬ích 
├äΓÇÿ├å┬░├í┬╗┬úc b├í┬║┬úo m├í┬║┬¡t tuy├í┬╗ΓÇít ├äΓÇÿ├í┬╗ΓÇÿi.
 [2m266[0m | [33;1m|[0m         </p>
 [2m267[0m | [33;1m|[0m       </form>
 [2m268[0m | [33;1m|[0m     )
 [2m269[0m | [33;1m|[0m[33;1m-[0m[33;1m>[0m }
     : [33;1m`[0m[33;1m---[0m[33;1m-[0m [33;1mexported more than 
once[0m
     `----

Error: 
  [36m>[0m Exported identifiers must be unique

Import trace for requested module:
./src/app/lien-he/ContactForm.tsx
./src/app/lien-he/page.tsx


> Build failed because of webpack errors
